{
  "version": "1.5.0",
  "plugins_used": [
    {
      "name": "ArtifactoryDetector"
    },
    {
      "name": "AWSKeyDetector"
    },
    {
      "name": "AzureStorageKeyDetector"
    },
    {
      "name": "Base64HighEntropyString",
      "limit": 4.5
    },
    {
      "name": "BasicAuthDetector"
    },
    {
      "name": "CloudantDetector"
    },
    {
      "name": "DiscordBotTokenDetector"
    },
    {
      "name": "GitHubTokenDetector"
    },
    {
      "name": "GitLabTokenDetector"
    },
    {
      "name": "HexHighEntropyString",
      "limit": 3.0
    },
    {
      "name": "IbmCloudIamDetector"
    },
    {
      "name": "IbmCosHmacDetector"
    },
    {
      "name": "IPPublicDetector"
    },
    {
      "name": "JwtTokenDetector"
    },
    {
      "name": "KeywordDetector",
      "keyword_exclude": ""
    },
    {
      "name": "MailchimpDetector"
    },
    {
      "name": "NpmDetector"
    },
    {
      "name": "OpenAIDetector"
    },
    {
      "name": "PrivateKeyDetector"
    },
    {
      "name": "PypiTokenDetector"
    },
    {
      "name": "SendGridDetector"
    },
    {
      "name": "SlackDetector"
    },
    {
      "name": "SoftlayerDetector"
    },
    {
      "name": "SquareOAuthDetector"
    },
    {
      "name": "StripeDetector"
    },
    {
      "name": "TelegramBotTokenDetector"
    },
    {
      "name": "TwilioKeyDetector"
    }
  ],
  "filters_used": [
    {
      "path": "detect_secrets.filters.allowlist.is_line_allowlisted"
    },
    {
      "path": "detect_secrets.filters.common.is_ignored_due_to_verification_policies",
      "min_level": 2
    },
    {
      "path": "detect_secrets.filters.heuristic.is_indirect_reference"
    },
    {
      "path": "detect_secrets.filters.heuristic.is_likely_id_string"
    },
    {
      "path": "detect_secrets.filters.heuristic.is_lock_file"
    },
    {
      "path": "detect_secrets.filters.heuristic.is_not_alphanumeric_string"
    },
    {
      "path": "detect_secrets.filters.heuristic.is_potential_uuid"
    },
    {
      "path": "detect_secrets.filters.heuristic.is_prefixed_with_dollar_sign"
    },
    {
      "path": "detect_secrets.filters.heuristic.is_sequential_string"
    },
    {
      "path": "detect_secrets.filters.heuristic.is_swagger_file"
    },
    {
      "path": "detect_secrets.filters.heuristic.is_templated_secret"
    },
    {
      "path": "detect_secrets.filters.regex.should_exclude_file",
      "pattern": [
        "\\.env$",
        "\\.git/",
        "\\.secrets\\.baseline$",
        "\\.pytest_cache/"
      ]
    }
  ],
  "results": {
    ".env.example": [
      {
        "type": "Secret Keyword",
        "filename": ".env.example",
        "hashed_secret": "7aa2fb73dfddda5c6c49d9d0b1de89c761772e62",
        "is_verified": false,
        "line_number": 6,
        "is_secret": false
      },
      {
        "type": "Secret Keyword",
        "filename": ".env.example",
        "hashed_secret": "51a103b2ceb28f95925d3a140f6f3afe5b75c15d",
        "is_verified": false,
        "line_number": 9,
        "is_secret": false
      },
      {
        "type": "Secret Keyword",
        "filename": ".env.example",
        "hashed_secret": "9c892a92d87ec98bda6455bc95adad42362de28b",
        "is_verified": false,
        "line_number": 13,
        "is_secret": false
      },
      {
        "type": "Secret Keyword",
        "filename": ".env.example",
        "hashed_secret": "9a8acd90afd0680d5d436c8838c3ca83bfb4feef",
        "is_verified": false,
        "line_number": 21,
        "is_secret": false
      }
    ],
    ".github/workflows/ci.yml": [
      {
        "type": "Secret Keyword",
        "filename": ".github/workflows/ci.yml",
        "hashed_secret": "3598c9f1f5a6a3d790347b1d3da2a1bf79e740a7",
        "is_verified": false,
        "line_number": 51,
        "is_secret": false
      },
      {
        "type": "Secret Keyword",
        "filename": ".github/workflows/ci.yml",
        "hashed_secret": "e7f68357b69b9dacdbe4bc89bcae80b21ab9399a",
        "is_verified": false,
        "line_number": 94,
        "is_secret": false
      }
    ],
    "src/web_searcher.py": [
      {
        "type": "Secret Keyword",
        "filename": "src/web_searcher.py",
        "hashed_secret": "d42a14bed85fd20050728d085e39cc5b77e00d6c",
        "is_verified": false,
        "line_number": 119,
        "is_secret": false
      }
    ],
    "tests/test_data_collector.py": [
      {
        "type": "Secret Keyword",
        "filename": "tests/test_data_collector.py",
        "hashed_secret": "767ef7376d44bb6e52b390ddcd12c1cb1b3902a4",
        "is_verified": false,
        "line_number": 14,
        "is_secret": false
      },
      {
        "type": "Secret Keyword",
        "filename": "tests/test_data_collector.py",
        "hashed_secret": "71fdbe9f60b1157a53c18b7ec93d4041d828aaad",
        "is_verified": false,
        "line_number": 177,
        "is_secret": false
      },
      {
        "type": "Secret Keyword",
        "filename": "tests/test_data_collector.py",
        "hashed_secret": "fb75aae189a4f851d39f01a7deeaebcf8282a0b4",
        "is_verified": false,
        "line_number": 327,
        "is_secret": false
      }
    ],
    "tests/test_grid_search.py": [
      {
        "type": "Secret Keyword",
        "filename": "tests/test_grid_search.py",
        "hashed_secret": "767ef7376d44bb6e52b390ddcd12c1cb1b3902a4",
        "is_verified": false,
        "line_number": 12,
        "is_secret": false
      }
    ],
    "tests/test_llm_client.py": [
      {
        "type": "Secret Keyword",
        "filename": "tests/test_llm_client.py",
        "hashed_secret": "ed65c049bb2f78ee4f703b2158ba9cc6ea31fb7e",
        "is_verified": false,
        "line_number": 110,
        "is_secret": false
      },
      {
        "type": "Secret Keyword",
        "filename": "tests/test_llm_client.py",
        "hashed_secret": "9cea46b39bd44a1ef9f3e71bfe9e45c24d3300f6",
        "is_verified": false,
        "line_number": 140,
        "is_secret": false
      },
      {
        "type": "Secret Keyword",
        "filename": "tests/test_llm_client.py",
        "hashed_secret": "e9a5f12a8ecbb3eb46eca5096b5c52aa5e7c9fdd",
        "is_verified": false,
        "line_number": 612,
        "is_secret": false
      }
    ],
    "tests/test_sentiment_analyzer.py": [
      {
        "type": "Secret Keyword",
        "filename": "tests/test_sentiment_analyzer.py",
        "hashed_secret": "ea3dfcc1a6682b5ada10dd0d2e364f6148292488",
        "is_verified": false,
        "line_number": 290,
        "is_secret": false
      }
    ],
    "tests/test_web_searcher.py": [
      {
        "type": "Secret Keyword",
        "filename": "tests/test_web_searcher.py",
        "hashed_secret": "00942f4668670f34c5943cf52c7ef3139fe2b8d6",
        "is_verified": false,
        "line_number": 46,
        "is_secret": false
      },
      {
        "type": "Secret Keyword",
        "filename": "tests/test_web_searcher.py",
        "hashed_secret": "0b8d37ac0768fc1fc701b0c5e8d2af6d3cb3856b",
        "is_verified": false,
        "line_number": 49,
        "is_secret": false
      },
      {
        "type": "Secret Keyword",
        "filename": "tests/test_web_searcher.py",
        "hashed_secret": "a62f2225bf70bfaccbc7f1ef2a397836717377de",
        "is_verified": false,
        "line_number": 225,
        "is_secret": false
      }
    ]
  },
  "generated_at": "2026-03-08T00:56:08Z"
}